C51 COMPILER V9.54   STC8G_ADC                                                             09/06/2026 17:01:47 PAGE 1   


C51 COMPILER V9.54, COMPILATION OF MODULE STC8G_ADC
OBJECT MODULE PLACED IN .\Objects\stc8g_adc.obj
COMPILER INVOKED BY: D:\software\keil c51\C51\BIN\C51.EXE Bsp\stc8g_adc.c LARGE OPTIMIZE(8,SPEED) BROWSE INCDIR(..\02_st
                    -c8g_KEY;.\Bsp) DEBUG OBJECTEXTEND PRINT(.\Listings\stc8g_adc.lst) OBJECT(.\Objects\stc8g_adc.obj)

line level    source

   1          #include "stc8g_adc.h"
   2          
   3          
   4          // ==================== 静态变量 ====================
   5          static int filtered_temps[3] = {0, 0, 0};  // 滤波后的温度（0.1℃）
   6          
   7          // ==================== 函数实现 ====================
   8          
   9          bit ADCInit(void)
  10          {
  11   1          P_SW2 |= 0x80;
  12   1          ADCTIM = 0x3F;
  13   1          P_SW2 &= 0x7F;
  14   1          ADCCFG = 0x2F;          // 右对齐，时钟分频
  15   1          ADC_CONTR = 0x80;       // 开启 ADC 电源，不选通道
  16   1          _nop_(); _nop_(); _nop_(); _nop_();
  17   1          _nop_(); _nop_(); _nop_(); _nop_();
  18   1          return 0;
  19   1      }
  20          
  21          int ADC_ReadChannel(unsigned char channel)
  22          {
  23   1          int res;
  24   1          ADC_CONTR = (ADC_CONTR & 0xF0) | (channel & 0x0F);
  25   1          ADC_CONTR |= 0x40;  // adc转换启动控制位， 硬件自动清零
  26   1          _nop_(); _nop_();
  27   1          while (!(ADC_CONTR & 0x20)); // 等待adc采集完成
  28   1          ADC_CONTR &= ~0x20; //手动关闭adc标志位
  29   1          res = (ADC_RES << 8) | ADC_RESL;
  30   1          return res;
  31   1      }
  32          
  33          
  34          int ADC_SampleTemperatures(int *out_temps)
  35          {
  36   1          int adc_val[3];
  37   1          int temps[3];
  38   1          int i;
  39   1          int avg;
  40   1      
  41   1          // 1. 读取三路 ADC（每次读取前自动切换通道）
  42   1          adc_val[0] = ADC_ReadChannel(2) + 40;  // P3.2 - JMS583
  43   1          adc_val[1] = ADC_ReadChannel(3) + 0;  // P3.3 - DCDC
  44   1          adc_val[2] = ADC_ReadChannel(4) + 45;  // P5.4 - SSD
  45   1      
  46   1          // 2. ADC → 温度  加的系数代表实际芯片的温度要比测量的要高一些
  47   1          for (i = 0; i < 3; i++) {
  48   2              temps[i] = ntc_raw_to_temp(adc_val[i]);
  49   2                      switch(i){
  50   3                              case 0:
  51   3                                      temps[i] += 35;
  52   3                                      break;
  53   3                              case 1:
  54   3                                      temps[i] += 0;
C51 COMPILER V9.54   STC8G_ADC                                                             09/06/2026 17:01:47 PAGE 2   

  55   3                                      break;
  56   3                              default:
  57   3                                      temps[i] += 30;
  58   3                      }
  59   2          }
  60   1      
  61   1          // 3. 一阶低通滤波：out = out*(256-K)/256 + new*K/256
  62   1          for (i = 0; i < 3; i++) {
  63   2                      filtered_temps[i] = temps[i];
  64   2              filtered_temps[i] = (filtered_temps[i] * (256 - FILTER_K) + temps[i] * FILTER_K) >> 8;
  65   2              out_temps[i] = filtered_temps[i];
  66   2          }
  67   1      
  68   1          // 4. 加权平均（权重之和 = 100）
  69   1          avg = (filtered_temps[SENSOR_JMS583] * WEIGHT_JMS583 +
  70   1                 filtered_temps[SENSOR_DCDC]   * WEIGHT_DCDC +
  71   1                 filtered_temps[SENSOR_SSD]    * WEIGHT_SSD) / 100;
  72   1      
  73   1          return avg;
  74   1      }
  75          
  76          // 内部参考电压校准
  77          static void ADCInitInside(void)
  78          {
  79   1          P_SW2 |= 0x80;
  80   1          ADCTIM = 0x3F;
  81   1          P_SW2 &= 0x7F;
  82   1          ADCCFG = 0x2F;
  83   1          ADC_CONTR = 0x8F;  // 内部 1.19V 通道
  84   1          _nop_(); _nop_(); _nop_(); _nop_();
  85   1          _nop_(); _nop_(); _nop_(); _nop_();
  86   1      }
  87          
  88          int adcreference(void)
  89          {
  90   1          unsigned char i;
  91   1          unsigned int res = 0;
  92   1          unsigned int adc_val = 0;
  93   1          ADCInitInside();
  94   1          ADC_ReadChannel(15);  // 丢弃第一次，通道15用于检测内部adc的参考电压
  95   1          for (i = 0; i < 8; i++) {
  96   2              res += ADC_ReadChannel(15);
  97   2          }
  98   1          adc_val = res / 8;
  99   1          return (1190UL * 1023UL) / adc_val;
 100   1      }
 101          
 102          void ADCPowerOff(void)
 103          {
 104   1          ADC_CONTR &= ~0x80;
 105   1      }


MODULE INFORMATION:   STATIC OVERLAYABLE
   CODE SIZE        =    636    ----
   CONSTANT SIZE    =   ----    ----
   XDATA SIZE       =      6      19
   PDATA SIZE       =   ----    ----
   DATA SIZE        =   ----    ----
   IDATA SIZE       =   ----    ----
   BIT SIZE         =   ----    ----
END OF MODULE INFORMATION.

C51 COMPILER V9.54   STC8G_ADC                                                             09/06/2026 17:01:47 PAGE 3   


C51 COMPILATION COMPLETE.  0 WARNING(S),  0 ERROR(S)
