C51 COMPILER V9.54   STC8G_GPIO                                                            09/06/2026 17:01:47 PAGE 1   


C51 COMPILER V9.54, COMPILATION OF MODULE STC8G_GPIO
OBJECT MODULE PLACED IN .\Objects\stc8g_gpio.obj
COMPILER INVOKED BY: D:\software\keil c51\C51\BIN\C51.EXE Bsp\stc8g_gpio.c LARGE OPTIMIZE(8,SPEED) BROWSE INCDIR(..\02_s
                    -tc8g_KEY;.\Bsp) DEBUG OBJECTEXTEND PRINT(.\Listings\stc8g_gpio.lst) OBJECT(.\Objects\stc8g_gpio.obj)

line level    source

   1          #include <stc8g_gpio.h>
   2          
   3          
   4          /**
   5           * @brief STC8G系列GPIO引脚初始化函数
   6           * @note  仅适配STC8G1K08系列，该芯片仅开放P1、P3、P5三个IO口
   7           * @param port  端口号：仅支持1(P1口)、3(P3口)、5(P5口)，其他值返回初始化失败
   8           * @param pin   引脚号：0~7，超出范围返回初始化失败
   9           * @param mode  GPIO工作模式，对应STC硬件寄存器定义：
  10           *              - 0：准双向口（M1=0, M0=0）：传统8051模式，内部弱上拉(~100uA)，适合按键输入、普通IO
  11           *              - 1：推挽输出（M1=0, M0=1）：强驱动(~20mA)，适合LED、PWM输出、串口TX
  12           *              - 2：高阻输入（M1=1, M0=0）：无内部上拉，适合ADC采样、高频信号输入
  13           *              - 3：开漏输出（M1=1, M0=1）：需外接上拉电阻，适合I2C总线、电平匹配
  14           * @return bit  初始化结果：1=成功，0=参数非法（端口不支持/引脚超范围）
  15           */
  16          bit stc8g_gpio_init(unsigned char port, unsigned char pin, unsigned char mode){
  17   1              
  18   1              unsigned char mask = 0x01 << pin;
  19   1              
  20   1              if(pin >7) return 0;
  21   1              switch(mode){
  22   2                      case 0://准双向口: M1=0, M0=0
  23   2                              if(port == 1)           { P1M1 &= ~mask; P1M0 &= ~mask;}
  24   2                              else if(port == 3)  { P3M1 &= ~mask; P3M0 &= ~mask;}
  25   2                              else if(port == 5)  { P5M1 &= ~mask; P5M0 &= ~mask;}
  26   2                              else return 0;// STC8G1K08 只有 P1/P3/P5
  27   2                              break;
  28   2                      case 1:// 推挽输出: M1=0, M0=1
  29   2                              if(port == 1)           { P1M1 &= ~mask; P1M0|=mask;}
  30   2                              else if(port == 3)  { P3M1 &= ~mask; P3M0|=mask;}
  31   2                              else if(port == 5)  { P5M1 &= ~mask; P5M0|=mask;}
  32   2                              else return 0;
  33   2                              break;
  34   2                      case 2:// 高阻输入: M1=1, M0=0
  35   2                              if(port == 1)           { P1M1 |=mask; P1M0 &= ~mask;}
  36   2                              else if(port == 3)  { P3M1 |=mask; P3M0 &= ~mask;}
  37   2                              else if(port == 5)  { P5M1 |=mask; P5M0 &= ~mask;}
  38   2                              else return 0;
  39   2                              break;
  40   2                      default://开漏输出: M1=1, M0=1
  41   2                              if(port == 1)           { P1M1 |=mask; P1M0|=mask;}
  42   2                              else if(port == 3)  { P3M1 |=mask; P3M0|=mask;}
  43   2                              else if(port == 5)  { P5M1 |=mask; P5M0|=mask;}
  44   2                              else return 0;
  45   2                              break;
  46   2              }
  47   1              return 1; //初始化成功
  48   1      }
  49          
  50          
  51          /**
  52           * @brief 设置指定GPIO引脚的电平状态
  53           * @note  操作逻辑：直接读写端口输出寄存器Px，位操作为原子指令，可在中断中安全调用
  54           */
C51 COMPILER V9.54   STC8G_GPIO                                                            09/06/2026 17:01:47 PAGE 2   

  55          bit stc8g_gpio_set_level(unsigned char port, unsigned char pin, bit level)
  56          {    
  57   1          switch(port){
  58   2              case 3:  // P3端口，你之前的逐个判断pin的写法完全保留
  59   2                  if(pin == 0)      P30 = level;
  60   2                  else if(pin == 1) P31 = level;
  61   2                  else if(pin == 2) P32 = level;
  62   2                  else if(pin == 3) P33 = level;  // 直接赋值bit变量，完全合法
  63   2                  else return 1;
  64   2                  break;
  65   2              case 5:
  66   2                  if(pin == 4)      P54 = level;
  67   2                  else if(pin == 5) P55 = level;
  68   2                  else return 1;
  69   2                  break;
  70   2              default:
  71   2                  return 1;
  72   2          }
  73   1          return 0;  // 成功返回1（和你之前的返回值逻辑一致，不用改调用代码）
  74   1      }


MODULE INFORMATION:   STATIC OVERLAYABLE
   CODE SIZE        =    258    ----
   CONSTANT SIZE    =   ----    ----
   XDATA SIZE       =   ----    ----
   PDATA SIZE       =   ----    ----
   DATA SIZE        =   ----    ----
   IDATA SIZE       =   ----    ----
   BIT SIZE         =   ----       1
END OF MODULE INFORMATION.


C51 COMPILATION COMPLETE.  0 WARNING(S),  0 ERROR(S)
