C51 COMPILER V9.54   STC8G_UART                                                            09/06/2026 17:01:47 PAGE 1   


C51 COMPILER V9.54, COMPILATION OF MODULE STC8G_UART
OBJECT MODULE PLACED IN .\Objects\stc8g_uart.obj
COMPILER INVOKED BY: D:\software\keil c51\C51\BIN\C51.EXE Bsp\stc8g_uart.c LARGE OPTIMIZE(8,SPEED) BROWSE INCDIR(..\02_s
                    -tc8g_KEY;.\Bsp) DEBUG OBJECTEXTEND PRINT(.\Listings\stc8g_uart.lst) OBJECT(.\Objects\stc8g_uart.obj)

line level    source

   1          #include <stc8g_uart.h>
   2          
   3          bit busy;
   4          char wptr;
   5          char rptr;
   6          char buffer[16];
   7          
   8          static void UartIsr() interrupt 4
   9          {
  10   1              if (TI)
  11   1              {
  12   2                      TI = 0; 
  13   2                      busy = 0;
  14   2              }
  15   1              if (RI)
  16   1              {
  17   2                      RI = 0; 
  18   2                      if (((wptr + 1) & 0x0F) != rptr)
  19   2              {
  20   3                  buffer[wptr++] = SBUF;
  21   3                  wptr &= 0x0F;
  22   3              }
  23   2              } 
  24   1      }
  25          
  26          void UartInit(void)
  27          {
  28   1              
  29   1              SCON = 0x50;
  30   1              TMOD = 0x00;
  31   1              TL1 = BRT;
  32   1              TH1 = BRT >> 8;
  33   1              TR1 = 1;
  34   1              AUXR &= 0xFE;  // 定时器1做波特率发生器
  35   1              AUXR |= 0x40;  // 1T模式
  36   1              wptr = 0;
  37   1              rptr = 0;
  38   1              busy = 0;
  39   1      }
  40          
  41          void UartSend(char dat)
  42          {
  43   1              while (busy);
  44   1              busy = 1;
  45   1              SBUF = dat;
  46   1      }
  47          
  48          
  49          // 为printf提供底层支持的字符输出函数
  50          char putchar (char dat)
  51          {
  52   1          // 处理换行符：将 '\n' 转换为 '\r\n'
  53   1          if (dat == '\n')
  54   1              UartSend('\r');
C51 COMPILER V9.54   STC8G_UART                                                            09/06/2026 17:01:47 PAGE 2   

  55   1          
  56   1          UartSend((char)dat);
  57   1          return dat;
  58   1      }
  59          
  60          
  61          // 判断是否有数据
  62          bit UartHasData(void){
  63   1              return (rptr != wptr);
  64   1      }
  65          // 从串口读1个字节
  66          char UartGetChar(void)
  67          {
  68   1              char dat;
  69   1              if (rptr != wptr)
  70   1              {
  71   2                      dat = buffer[rptr++];
  72   2                      rptr &= 0x0F;
  73   2                      return dat;
  74   2              }
  75   1              return 0;
  76   1      }


MODULE INFORMATION:   STATIC OVERLAYABLE
   CODE SIZE        =    204    ----
   CONSTANT SIZE    =   ----    ----
   XDATA SIZE       =     18    ----
   PDATA SIZE       =   ----    ----
   DATA SIZE        =   ----    ----
   IDATA SIZE       =   ----    ----
   BIT SIZE         =      1    ----
END OF MODULE INFORMATION.


C51 COMPILATION COMPLETE.  0 WARNING(S),  0 ERROR(S)
